Archive member included to satisfy reference by file (symbol)

c:/st/stm32cubeide_1.5.0/stm32cubeide/plugins/com.st.stm32cube.ide.mcu.externaltools.gnu-tools-for-stm32.7-2018-q2-update.win32_1.5.0.202011040924/tools/bin/../lib/gcc/arm-none-eabi/7.3.1/../../../../arm-none-eabi/lib/thumb/v7e-m/fpv4-sp/hard\libc_nano.a(lib_a-errno.o)
                              Core/Src/syscalls.o (__errno)
c:/st/stm32cubeide_1.5.0/stm32cubeide/plugins/com.st.stm32cube.ide.mcu.externaltools.gnu-tools-for-stm32.7-2018-q2-update.win32_1.5.0.202011040924/tools/bin/../lib/gcc/arm-none-eabi/7.3.1/../../../../arm-none-eabi/lib/thumb/v7e-m/fpv4-sp/hard\libc_nano.a(lib_a-exit.o)
                              c:/st/stm32cubeide_1.5.0/stm32cubeide/plugins/com.st.stm32cube.ide.mcu.externaltools.gnu-tools-for-stm32.7-2018-q2-update.win32_1.5.0.202011040924/tools/bin/../lib/gcc/arm-none-eabi/7.3.1/../../../../arm-none-eabi/lib/thumb/v7e-m/fpv4-sp/hard/crt0.o (exit)
c:/st/stm32cubeide_1.5.0/stm32cubeide/plugins/com.st.stm32cube.ide.mcu.externaltools.gnu-tools-for-stm32.7-2018-q2-update.win32_1.5.0.202011040924/tools/bin/../lib/gcc/arm-none-eabi/7.3.1/../../../../arm-none-eabi/lib/thumb/v7e-m/fpv4-sp/hard\libc_nano.a(lib_a-impure.o)
                              c:/st/stm32cubeide_1.5.0/stm32cubeide/plugins/com.st.stm32cube.ide.mcu.externaltools.gnu-tools-for-stm32.7-2018-q2-update.win32_1.5.0.202011040924/tools/bin/../lib/gcc/arm-none-eabi/7.3.1/../../../../arm-none-eabi/lib/thumb/v7e-m/fpv4-sp/hard\libc_nano.a(lib_a-exit.o) (_global_impure_ptr)
c:/st/stm32cubeide_1.5.0/stm32cubeide/plugins/com.st.stm32cube.ide.mcu.externaltools.gnu-tools-for-stm32.7-2018-q2-update.win32_1.5.0.202011040924/tools/bin/../lib/gcc/arm-none-eabi/7.3.1/../../../../arm-none-eabi/lib/thumb/v7e-m/fpv4-sp/hard\libc_nano.a(lib_a-init.o)
                              c:/st/stm32cubeide_1.5.0/stm32cubeide/plugins/com.st.stm32cube.ide.mcu.externaltools.gnu-tools-for-stm32.7-2018-q2-update.win32_1.5.0.202011040924/tools/bin/../lib/gcc/arm-none-eabi/7.3.1/../../../../arm-none-eabi/lib/thumb/v7e-m/fpv4-sp/hard/crt0.o (__libc_init_array)
c:/st/stm32cubeide_1.5.0/stm32cubeide/plugins/com.st.stm32cube.ide.mcu.externaltools.gnu-tools-for-stm32.7-2018-q2-update.win32_1.5.0.202011040924/tools/bin/../lib/gcc/arm-none-eabi/7.3.1/../../../../arm-none-eabi/lib/thumb/v7e-m/fpv4-sp/hard\libc_nano.a(lib_a-memset.o)
                              c:/st/stm32cubeide_1.5.0/stm32cubeide/plugins/com.st.stm32cube.ide.mcu.externaltools.gnu-tools-for-stm32.7-2018-q2-update.win32_1.5.0.202011040924/tools/bin/../lib/gcc/arm-none-eabi/7.3.1/../../../../arm-none-eabi/lib/thumb/v7e-m/fpv4-sp/hard/crt0.o (memset)
c:/st/stm32cubeide_1.5.0/stm32cubeide/plugins/com.st.stm32cube.ide.mcu.externaltools.gnu-tools-for-stm32.7-2018-q2-update.win32_1.5.0.202011040924/tools/bin/../lib/gcc/arm-none-eabi/7.3.1/thumb/v7e-m/fpv4-sp/hard\libgcc.a(_aeabi_uldivmod.o)
                              Drivers/STM32F4xx_HAL_Driver/Src/stm32f4xx_hal_rcc.o (__aeabi_uldivmod)
c:/st/stm32cubeide_1.5.0/stm32cubeide/plugins/com.st.stm32cube.ide.mcu.externaltools.gnu-tools-for-stm32.7-2018-q2-update.win32_1.5.0.202011040924/tools/bin/../lib/gcc/arm-none-eabi/7.3.1/thumb/v7e-m/fpv4-sp/hard\libgcc.a(_udivmoddi4.o)
                              c:/st/stm32cubeide_1.5.0/stm32cubeide/plugins/com.st.stm32cube.ide.mcu.externaltools.gnu-tools-for-stm32.7-2018-q2-update.win32_1.5.0.202011040924/tools/bin/../lib/gcc/arm-none-eabi/7.3.1/thumb/v7e-m/fpv4-sp/hard\libgcc.a(_aeabi_uldivmod.o) (__udivmoddi4)
c:/st/stm32cubeide_1.5.0/stm32cubeide/plugins/com.st.stm32cube.ide.mcu.externaltools.gnu-tools-for-stm32.7-2018-q2-update.win32_1.5.0.202011040924/tools/bin/../lib/gcc/arm-none-eabi/7.3.1/thumb/v7e-m/fpv4-sp/hard\libgcc.a(_dvmd_tls.o)
                              c:/st/stm32cubeide_1.5.0/stm32cubeide/plugins/com.st.stm32cube.ide.mcu.externaltools.gnu-tools-for-stm32.7-2018-q2-update.win32_1.5.0.202011040924/tools/bin/../lib/gcc/arm-none-eabi/7.3.1/thumb/v7e-m/fpv4-sp/hard\libgcc.a(_aeabi_uldivmod.o) (__aeabi_ldiv0)

Allocating common symbols
Common symbol       size              file

USERPath            0x4               FATFS/App/fatfs.o
hspi2               0x58              Core/Src/main.o
uwTick              0x4               Drivers/STM32F4xx_HAL_Driver/Src/stm32f4xx_hal.o
pFlash              0x20              Drivers/STM32F4xx_HAL_Driver/Src/stm32f4xx_hal_flash.o
retUSER             0x1               FATFS/App/fatfs.o
Timer2              0x2               Core/Src/fatfs_sd.o
Timer1              0x2               Core/Src/fatfs_sd.o
USERFile            0x1030            FATFS/App/fatfs.o
USERFatFS           0x1038            FATFS/App/fatfs.o

Discarded input sections

 .text          0x0000000000000000        0x0 c:/st/stm32cubeide_1.5.0/stm32cubeide/plugins/com.st.stm32cube.ide.mcu.externaltools.gnu-tools-for-stm32.7-2018-q2-update.win32_1.5.0.202011040924/tools/bin/../lib/gcc/arm-none-eabi/7.3.1/thumb/v7e-m/fpv4-sp/hard/crti.o
[...]
Memory Configuration

Name             Origin             Length             Attributes
RAM              0x0000000020000000 0x0000000000020000 xrw
FLASH            0x0000000008000000 0x0000000000080000 xr
*default*        0x0000000000000000 0xffffffffffffffff

Linker script and memory map

LOAD c:/st/stm32cubeide_1.5.0/stm32cubeide/plugins/com.st.stm32cube.ide.mcu.externaltools.gnu-tools-for-stm32.7-2018-q2-update.win32_1.5.0.202011040924/tools/bin/../lib/gcc/arm-none-eabi/7.3.1/thumb/v7e-m/fpv4-sp/hard/crti.o
LOAD c:/st/stm32cubeide_1.5.0/stm32cubeide/plugins/com.st.stm32cube.ide.mcu.externaltools.gnu-tools-for-stm32.7-2018-q2-update.win32_1.5.0.202011040924/tools/bin/../lib/gcc/arm-none-eabi/7.3.1/thumb/v7e-m/fpv4-sp/hard/crtbegin.o
LOAD c:/st/stm32cubeide_1.5.0/stm32cubeide/plugins/com.st.stm32cube.ide.mcu.externaltools.gnu-tools-for-stm32.7-2018-q2-update.win32_1.5.0.202011040924/tools/bin/../lib/gcc/arm-none-eabi/7.3.1/../../../../arm-none-eabi/lib/thumb/v7e-m/fpv4-sp/hard/crt0.o
LOAD Core/Src/fatfs_sd.o
LOAD Core/Src/main.o
LOAD Core/Src/stm32f4xx_hal_msp.o
LOAD Core/Src/stm32f4xx_it.o
LOAD Core/Src/syscalls.o
LOAD Core/Src/sysmem.o
LOAD Core/Src/system_stm32f4xx.o
LOAD Core/Startup/startup_stm32f411retx.o
LOAD Drivers/STM32F4xx_HAL_Driver/Src/stm32f4xx_hal.o
LOAD Drivers/STM32F4xx_HAL_Driver/Src/stm32f4xx_hal_cortex.o
LOAD Drivers/STM32F4xx_HAL_Driver/Src/stm32f4xx_hal_dma.o
LOAD Drivers/STM32F4xx_HAL_Driver/Src/stm32f4xx_hal_dma_ex.o
LOAD Drivers/STM32F4xx_HAL_Driver/Src/stm32f4xx_hal_exti.o
LOAD Drivers/STM32F4xx_HAL_Driver/Src/stm32f4xx_hal_flash.o
LOAD Drivers/STM32F4xx_HAL_Driver/Src/stm32f4xx_hal_flash_ex.o
LOAD Drivers/STM32F4xx_HAL_Driver/Src/stm32f4xx_hal_flash_ramfunc.o
LOAD Drivers/STM32F4xx_HAL_Driver/Src/stm32f4xx_hal_gpio.o
LOAD Drivers/STM32F4xx_HAL_Driver/Src/stm32f4xx_hal_pwr.o
LOAD Drivers/STM32F4xx_HAL_Driver/Src/stm32f4xx_hal_pwr_ex.o
LOAD Drivers/STM32F4xx_HAL_Driver/Src/stm32f4xx_hal_rcc.o
LOAD Drivers/STM32F4xx_HAL_Driver/Src/stm32f4xx_hal_rcc_ex.o
LOAD Drivers/STM32F4xx_HAL_Driver/Src/stm32f4xx_hal_spi.o
LOAD Drivers/STM32F4xx_HAL_Driver/Src/stm32f4xx_hal_tim.o
LOAD Drivers/STM32F4xx_HAL_Driver/Src/stm32f4xx_hal_tim_ex.o
LOAD FATFS/App/fatfs.o
LOAD FATFS/Target/user_diskio.o
LOAD Middlewares/Third_Party/FatFs/src/diskio.o
LOAD Middlewares/Third_Party/FatFs/src/ff.o
LOAD Middlewares/Third_Party/FatFs/src/ff_gen_drv.o
LOAD Middlewares/Third_Party/FatFs/src/option/ccsbcs.o
LOAD Middlewares/Third_Party/FatFs/src/option/syscall.o
START GROUP
LOAD c:/st/stm32cubeide_1.5.0/stm32cubeide/plugins/com.st.stm32cube.ide.mcu.externaltools.gnu-tools-for-stm32.7-2018-q2-update.win32_1.5.0.202011040924/tools/bin/../lib/gcc/arm-none-eabi/7.3.1/../../../../arm-none-eabi/lib/thumb/v7e-m/fpv4-sp/hard\libc_nano.a
LOAD c:/st/stm32cubeide_1.5.0/stm32cubeide/plugins/com.st.stm32cube.ide.mcu.externaltools.gnu-tools-for-stm32.7-2018-q2-update.win32_1.5.0.202011040924/tools/bin/../lib/gcc/arm-none-eabi/7.3.1/../../../../arm-none-eabi/lib/thumb/v7e-m/fpv4-sp/hard\libm.a
END GROUP
START GROUP
LOAD c:/st/stm32cubeide_1.5.0/stm32cubeide/plugins/com.st.stm32cube.ide.mcu.externaltools.gnu-tools-for-stm32.7-2018-q2-update.win32_1.5.0.202011040924/tools/bin/../lib/gcc/arm-none-eabi/7.3.1/thumb/v7e-m/fpv4-sp/hard\libgcc.a
LOAD c:/st/stm32cubeide_1.5.0/stm32cubeide/plugins/com.st.stm32cube.ide.mcu.externaltools.gnu-tools-for-stm32.7-2018-q2-update.win32_1.5.0.202011040924/tools/bin/../lib/gcc/arm-none-eabi/7.3.1/../../../../arm-none-eabi/lib/thumb/v7e-m/fpv4-sp/hard\libc_nano.a
END GROUP
START GROUP
LOAD c:/st/stm32cubeide_1.5.0/stm32cubeide/plugins/com.st.stm32cube.ide.mcu.externaltools.gnu-tools-for-stm32.7-2018-q2-update.win32_1.5.0.202011040924/tools/bin/../lib/gcc/arm-none-eabi/7.3.1/thumb/v7e-m/fpv4-sp/hard\libgcc.a
LOAD c:/st/stm32cubeide_1.5.0/stm32cubeide/plugins/com.st.stm32cube.ide.mcu.externaltools.gnu-tools-for-stm32.7-2018-q2-update.win32_1.5.0.202011040924/tools/bin/../lib/gcc/arm-none-eabi/7.3.1/../../../../arm-none-eabi/lib/thumb/v7e-m/fpv4-sp/hard\libc_nano.a
LOAD c:/st/stm32cubeide_1.5.0/stm32cubeide/plugins/com.st.stm32cube.ide.mcu.externaltools.gnu-tools-for-stm32.7-2018-q2-update.win32_1.5.0.202011040924/tools/bin/../lib/gcc/arm-none-eabi/7.3.1/../../../../arm-none-eabi/lib/thumb/v7e-m/fpv4-sp/hard\libnosys.a
END GROUP
START GROUP
LOAD c:/st/stm32cubeide_1.5.0/stm32cubeide/plugins/com.st.stm32cube.ide.mcu.externaltools.gnu-tools-for-stm32.7-2018-q2-update.win32_1.5.0.202011040924/tools/bin/../lib/gcc/arm-none-eabi/7.3.1/thumb/v7e-m/fpv4-sp/hard\libgcc.a
LOAD c:/st/stm32cubeide_1.5.0/stm32cubeide/plugins/com.st.stm32cube.ide.mcu.externaltools.gnu-tools-for-stm32.7-2018-q2-update.win32_1.5.0.202011040924/tools/bin/../lib/gcc/arm-none-eabi/7.3.1/../../../../arm-none-eabi/lib/thumb/v7e-m/fpv4-sp/hard\libc_nano.a
LOAD c:/st/stm32cubeide_1.5.0/stm32cubeide/plugins/com.st.stm32cube.ide.mcu.externaltools.gnu-tools-for-stm32.7-2018-q2-update.win32_1.5.0.202011040924/tools/bin/../lib/gcc/arm-none-eabi/7.3.1/../../../../arm-none-eabi/lib/thumb/v7e-m/fpv4-sp/hard\libnosys.a
END GROUP
LOAD c:/st/stm32cubeide_1.5.0/stm32cubeide/plugins/com.st.stm32cube.ide.mcu.externaltools.gnu-tools-for-stm32.7-2018-q2-update.win32_1.5.0.202011040924/tools/bin/../lib/gcc/arm-none-eabi/7.3.1/thumb/v7e-m/fpv4-sp/hard/crtend.o
LOAD c:/st/stm32cubeide_1.5.0/stm32cubeide/plugins/com.st.stm32cube.ide.mcu.externaltools.gnu-tools-for-stm32.7-2018-q2-update.win32_1.5.0.202011040924/tools/bin/../lib/gcc/arm-none-eabi/7.3.1/thumb/v7e-m/fpv4-sp/hard/crtn.o
                0x0000000020020000                _estack = (ORIGIN (RAM) + LENGTH (RAM))
                0x0000000000000200                _Min_Heap_Size = 0x200
                0x0000000000000400                _Min_Stack_Size = 0x400

.isr_vector     0x0000000008000000      0x198
                0x0000000008000000                . = ALIGN (0x4)
 *(.isr_vector)
 .isr_vector    0x0000000008000000      0x198 Core/Startup/startup_stm32f411retx.o
                0x0000000008000000                g_pfnVectors
                0x0000000008000198                . = ALIGN (0x4)

.text           0x0000000008000198     0x58a0
                0x0000000008000198                . = ALIGN (0x4)
 *(.text)
 .text          0x0000000008000198       0x40 c:/st/stm32cubeide_1.5.0/stm32cubeide/plugins/com.st.stm32cube.ide.mcu.externaltools.gnu-tools-for-stm32.7-2018-q2-update.win32_1.5.0.202011040924/tools/bin/../lib/gcc/arm-none-eabi/7.3.1/thumb/v7e-m/fpv4-sp/hard/crtbegin.o
 .text          0x00000000080001d8       0x30 c:/st/stm32cubeide_1.5.0/stm32cubeide/plugins/com.st.stm32cube.ide.mcu.externaltools.gnu-tools-for-stm32.7-2018-q2-update.win32_1.5.0.202011040924/tools/bin/../lib/gcc/arm-none-eabi/7.3.1/thumb/v7e-m/fpv4-sp/hard\libgcc.a(_aeabi_uldivmod.o)
                0x00000000080001d8                __aeabi_uldivmod
 .text          0x0000000008000208      0x2cc c:/st/stm32cubeide_1.5.0/stm32cubeide/plugins/com.st.stm32cube.ide.mcu.externaltools.gnu-tools-for-stm32.7-2018-q2-update.win32_1.5.0.202011040924/tools/bin/../lib/gcc/arm-none-eabi/7.3.1/thumb/v7e-m/fpv4-sp/hard\libgcc.a(_udivmoddi4.o)
                0x0000000008000208                __udivmoddi4
 .text          0x00000000080004d4        0x4 c:/st/stm32cubeide_1.5.0/stm32cubeide/plugins/com.st.stm32cube.ide.mcu.externaltools.gnu-tools-for-stm32.7-2018-q2-update.win32_1.5.0.202011040924/tools/bin/../lib/gcc/arm-none-eabi/7.3.1/thumb/v7e-m/fpv4-sp/hard\libgcc.a(_dvmd_tls.o)
                0x00000000080004d4                __aeabi_idiv0
                0x00000000080004d4                __aeabi_ldiv0
 *(.text*)
 .text.SELECT   0x00000000080004d8       0x1c Core/Src/fatfs_sd.o
 .text.DESELECT
                0x00000000080004f4       0x1c Core/Src/fatfs_sd.o
 .text.SPI_TxByte
                0x0000000008000510       0x34 Core/Src/fatfs_sd.o
 .text.SPI_TxBuffer
                0x0000000008000544       0x34 Core/Src/fatfs_sd.o
 .text.SPI_RxByte
                0x0000000008000578       0x38 Core/Src/fatfs_sd.o
 .text.SPI_RxBytePtr
                0x00000000080005b0       0x1c Core/Src/fatfs_sd.o
 .text.SD_ReadyWait
                0x00000000080005cc       0x34 Core/Src/fatfs_sd.o
 .text.SD_PowerOn
                0x0000000008000600       0x84 Core/Src/fatfs_sd.o
 .text.SD_PowerOff
                0x0000000008000684       0x18 Core/Src/fatfs_sd.o
 .text.SD_CheckPower
                0x000000000800069c       0x18 Core/Src/fatfs_sd.o
 .text.SD_RxDataBlock
                0x00000000080006b4       0x5c Core/Src/fatfs_sd.o
 .text.SD_TxDataBlock
                0x0000000008000710       0x86 Core/Src/fatfs_sd.o
 .text.SD_SendCmd
                0x0000000008000796       0xa8 Core/Src/fatfs_sd.o
 *fill*         0x000000000800083e        0x2 
 .text.SD_disk_initialize
                0x0000000008000840      0x1cc Core/Src/fatfs_sd.o
                0x0000000008000840                SD_disk_initialize
 .text.SD_disk_status
                0x0000000008000a0c       0x2c Core/Src/fatfs_sd.o
                0x0000000008000a0c                SD_disk_status
 .text.SD_disk_read
                0x0000000008000a38       0xd4 Core/Src/fatfs_sd.o
                0x0000000008000a38                SD_disk_read
 .text.SD_disk_write
                0x0000000008000b0c      0x108 Core/Src/fatfs_sd.o
                0x0000000008000b0c                SD_disk_write
 .text.SD_disk_ioctl
                0x0000000008000c14      0x254 Core/Src/fatfs_sd.o
                0x0000000008000c14                SD_disk_ioctl
 .text.SDbufClear
                0x0000000008000e68       0x36 Core/Src/main.o
                0x0000000008000e68                SDbufClear
 *fill*         0x0000000008000e9e        0x2 
 .text.main     0x0000000008000ea0       0xd4 Core/Src/main.o
                0x0000000008000ea0                main
 .text.SystemClock_Config
                0x0000000008000f74       0xd0 Core/Src/main.o
                0x0000000008000f74                SystemClock_Config
 .text.MX_SPI2_Init
                0x0000000008001044       0x6c Core/Src/main.o
 .text.MX_GPIO_Init
                0x00000000080010b0       0x64 Core/Src/main.o
 .text.Error_Handler
                0x0000000008001114        0x8 Core/Src/main.o
                0x0000000008001114                Error_Handler
 .text.HAL_MspInit
                0x000000000800111c       0x50 Core/Src/stm32f4xx_hal_msp.o
                0x000000000800111c                HAL_MspInit
 .text.HAL_SPI_MspInit
                0x000000000800116c       0x90 Core/Src/stm32f4xx_hal_msp.o
                0x000000000800116c                HAL_SPI_MspInit
 .text.NMI_Handler
                0x00000000080011fc        0x6 Core/Src/stm32f4xx_it.o
                0x00000000080011fc                NMI_Handler
 .text.HardFault_Handler
                0x0000000008001202        0x6 Core/Src/stm32f4xx_it.o
                0x0000000008001202                HardFault_Handler
 .text.MemManage_Handler
                0x0000000008001208        0x6 Core/Src/stm32f4xx_it.o
                0x0000000008001208                MemManage_Handler
 .text.BusFault_Handler
                0x000000000800120e        0x6 Core/Src/stm32f4xx_it.o
                0x000000000800120e                BusFault_Handler
 .text.UsageFault_Handler
                0x0000000008001214        0x6 Core/Src/stm32f4xx_it.o
                0x0000000008001214                UsageFault_Handler
 .text.SVC_Handler
                0x000000000800121a        0xe Core/Src/stm32f4xx_it.o
                0x000000000800121a                SVC_Handler
 .text.DebugMon_Handler
                0x0000000008001228        0xe Core/Src/stm32f4xx_it.o
                0x0000000008001228                DebugMon_Handler
 .text.PendSV_Handler
                0x0000000008001236        0xe Core/Src/stm32f4xx_it.o
                0x0000000008001236                PendSV_Handler
 .text.SysTick_Handler
                0x0000000008001244        0xc Core/Src/stm32f4xx_it.o
                0x0000000008001244                SysTick_Handler
 .text.SystemInit
                0x0000000008001250       0x2c Core/Src/system_stm32f4xx.o
                0x0000000008001250                SystemInit
 .text.Reset_Handler
                0x000000000800127c       0x50 Core/Startup/startup_stm32f411retx.o
                0x000000000800127c                Reset_Handler
 .text.Default_Handler
                0x00000000080012cc        0x2 Core/Startup/startup_stm32f411retx.o
                0x00000000080012cc                RTC_Alarm_IRQHandler
                0x00000000080012cc                EXTI2_IRQHandler
                0x00000000080012cc                SPI4_IRQHandler
                0x00000000080012cc                TIM1_CC_IRQHandler
                0x00000000080012cc                DMA2_Stream5_IRQHandler
                0x00000000080012cc                DMA1_Stream5_IRQHandler
                0x00000000080012cc                PVD_IRQHandler
                0x00000000080012cc                SDIO_IRQHandler
                0x00000000080012cc                TAMP_STAMP_IRQHandler
                0x00000000080012cc                EXTI3_IRQHandler
                0x00000000080012cc                TIM1_UP_TIM10_IRQHandler
                0x00000000080012cc                I2C3_ER_IRQHandler
                0x00000000080012cc                EXTI0_IRQHandler
                0x00000000080012cc                I2C2_EV_IRQHandler
                0x00000000080012cc                DMA1_Stream2_IRQHandler
                0x00000000080012cc                FPU_IRQHandler
                0x00000000080012cc                DMA2_Stream2_IRQHandler
                0x00000000080012cc                SPI1_IRQHandler
                0x00000000080012cc                TIM1_BRK_TIM9_IRQHandler
                0x00000000080012cc                DMA2_Stream3_IRQHandler
                0x00000000080012cc                USART6_IRQHandler
                0x00000000080012cc                DMA2_Stream0_IRQHandler
                0x00000000080012cc                TIM4_IRQHandler
                0x00000000080012cc                I2C1_EV_IRQHandler
                0x00000000080012cc                DMA1_Stream6_IRQHandler
                0x00000000080012cc                DMA1_Stream1_IRQHandler
                0x00000000080012cc                TIM3_IRQHandler
                0x00000000080012cc                RCC_IRQHandler
                0x00000000080012cc                Default_Handler
                0x00000000080012cc                EXTI15_10_IRQHandler
                0x00000000080012cc                ADC_IRQHandler
                0x00000000080012cc                DMA1_Stream7_IRQHandler
                0x00000000080012cc                SPI5_IRQHandler
                0x00000000080012cc                TIM5_IRQHandler
                0x00000000080012cc                DMA2_Stream7_IRQHandler
                0x00000000080012cc                I2C3_EV_IRQHandler
                0x00000000080012cc                EXTI9_5_IRQHandler
                0x00000000080012cc                RTC_WKUP_IRQHandler
                0x00000000080012cc                SPI2_IRQHandler
                0x00000000080012cc                DMA1_Stream0_IRQHandler
                0x00000000080012cc                EXTI4_IRQHandler
                0x00000000080012cc                WWDG_IRQHandler
                0x00000000080012cc                TIM2_IRQHandler
                0x00000000080012cc                OTG_FS_WKUP_IRQHandler
                0x00000000080012cc                TIM1_TRG_COM_TIM11_IRQHandler
                0x00000000080012cc                EXTI1_IRQHandler
                0x00000000080012cc                USART2_IRQHandler
                0x00000000080012cc                I2C2_ER_IRQHandler
                0x00000000080012cc                DMA2_Stream1_IRQHandler
                0x00000000080012cc                FLASH_IRQHandler
                0x00000000080012cc                DMA2_Stream4_IRQHandler
                0x00000000080012cc                USART1_IRQHandler
                0x00000000080012cc                OTG_FS_IRQHandler
                0x00000000080012cc                SPI3_IRQHandler
                0x00000000080012cc                DMA1_Stream4_IRQHandler
                0x00000000080012cc                I2C1_ER_IRQHandler
                0x00000000080012cc                DMA2_Stream6_IRQHandler
                0x00000000080012cc                DMA1_Stream3_IRQHandler
 *fill*         0x00000000080012ce        0x2 
 .text.HAL_Init
                0x00000000080012d0       0x44 Drivers/STM32F4xx_HAL_Driver/Src/stm32f4xx_hal.o
                0x00000000080012d0                HAL_Init
 .text.HAL_InitTick
                0x0000000008001314       0x60 Drivers/STM32F4xx_HAL_Driver/Src/stm32f4xx_hal.o
                0x0000000008001314                HAL_InitTick
 .text.HAL_IncTick
                0x0000000008001374       0x28 Drivers/STM32F4xx_HAL_Driver/Src/stm32f4xx_hal.o
                0x0000000008001374                HAL_IncTick
 .text.HAL_GetTick
                0x000000000800139c       0x18 Drivers/STM32F4xx_HAL_Driver/Src/stm32f4xx_hal.o
                0x000000000800139c                HAL_GetTick
 .text.HAL_Delay
                0x00000000080013b4       0x44 Drivers/STM32F4xx_HAL_Driver/Src/stm32f4xx_hal.o
                0x00000000080013b4                HAL_Delay
 .text.__NVIC_SetPriorityGrouping
                0x00000000080013f8       0x48 Drivers/STM32F4xx_HAL_Driver/Src/stm32f4xx_hal_cortex.o
 .text.__NVIC_GetPriorityGrouping
                0x0000000008001440       0x1c Drivers/STM32F4xx_HAL_Driver/Src/stm32f4xx_hal_cortex.o
 .text.__NVIC_SetPriority
                0x000000000800145c       0x54 Drivers/STM32F4xx_HAL_Driver/Src/stm32f4xx_hal_cortex.o
 .text.NVIC_EncodePriority
                0x00000000080014b0       0x66 Drivers/STM32F4xx_HAL_Driver/Src/stm32f4xx_hal_cortex.o
 *fill*         0x0000000008001516        0x2 
 .text.SysTick_Config
                0x0000000008001518       0x44 Drivers/STM32F4xx_HAL_Driver/Src/stm32f4xx_hal_cortex.o
 .text.HAL_NVIC_SetPriorityGrouping
                0x000000000800155c       0x16 Drivers/STM32F4xx_HAL_Driver/Src/stm32f4xx_hal_cortex.o
                0x000000000800155c                HAL_NVIC_SetPriorityGrouping
 .text.HAL_NVIC_SetPriority
                0x0000000008001572       0x38 Drivers/STM32F4xx_HAL_Driver/Src/stm32f4xx_hal_cortex.o
                0x0000000008001572                HAL_NVIC_SetPriority
 .text.HAL_SYSTICK_Config
                0x00000000080015aa       0x18 Drivers/STM32F4xx_HAL_Driver/Src/stm32f4xx_hal_cortex.o
                0x00000000080015aa                HAL_SYSTICK_Config
 *fill*         0x00000000080015c2        0x2 
 .text.HAL_GPIO_Init
                0x00000000080015c4      0x304 Drivers/STM32F4xx_HAL_Driver/Src/stm32f4xx_hal_gpio.o
                0x00000000080015c4                HAL_GPIO_Init
 .text.HAL_GPIO_WritePin
                0x00000000080018c8       0x32 Drivers/STM32F4xx_HAL_Driver/Src/stm32f4xx_hal_gpio.o
                0x00000000080018c8                HAL_GPIO_WritePin
 *fill*         0x00000000080018fa        0x2 
 .text.HAL_RCC_OscConfig
                0x00000000080018fc      0x4e0 Drivers/STM32F4xx_HAL_Driver/Src/stm32f4xx_hal_rcc.o
                0x00000000080018fc                HAL_RCC_OscConfig
 .text.HAL_RCC_ClockConfig
                0x0000000008001ddc      0x1cc Drivers/STM32F4xx_HAL_Driver/Src/stm32f4xx_hal_rcc.o
                0x0000000008001ddc                HAL_RCC_ClockConfig
 .text.HAL_RCC_GetSysClockFreq
                0x0000000008001fa8      0x1b0 Drivers/STM32F4xx_HAL_Driver/Src/stm32f4xx_hal_rcc.o
                0x0000000008001fa8                HAL_RCC_GetSysClockFreq
 .text.HAL_SPI_Init
                0x0000000008002158       0xc8 Drivers/STM32F4xx_HAL_Driver/Src/stm32f4xx_hal_spi.o
                0x0000000008002158                HAL_SPI_Init
 .text.HAL_SPI_Transmit
                0x0000000008002220      0x268 Drivers/STM32F4xx_HAL_Driver/Src/stm32f4xx_hal_spi.o
                0x0000000008002220                HAL_SPI_Transmit
 .text.HAL_SPI_TransmitReceive
                0x0000000008002488      0x344 Drivers/STM32F4xx_HAL_Driver/Src/stm32f4xx_hal_spi.o
                0x0000000008002488                HAL_SPI_TransmitReceive
 .text.SPI_WaitFlagStateUntilTimeout
                0x00000000080027cc       0xd4 Drivers/STM32F4xx_HAL_Driver/Src/stm32f4xx_hal_spi.o
 .text.SPI_EndRxTxTransaction
                0x00000000080028a0       0x84 Drivers/STM32F4xx_HAL_Driver/Src/stm32f4xx_hal_spi.o
 .text.MX_FATFS_Init
                0x0000000008002924       0x24 FATFS/App/fatfs.o
                0x0000000008002924                MX_FATFS_Init
 .text.get_fattime
                0x0000000008002948       0x10 FATFS/App/fatfs.o
                0x0000000008002948                get_fattime
 .text.USER_initialize
                0x0000000008002958       0x1e FATFS/Target/user_diskio.o
                0x0000000008002958                USER_initialize
 .text.USER_status
                0x0000000008002976       0x1e FATFS/Target/user_diskio.o
                0x0000000008002976                USER_status
 .text.USER_read
                0x0000000008002994       0x28 FATFS/Target/user_diskio.o
                0x0000000008002994                USER_read
 .text.USER_write
                0x00000000080029bc       0x28 FATFS/Target/user_diskio.o
                0x00000000080029bc                USER_write
 .text.USER_ioctl
                0x00000000080029e4       0x28 FATFS/Target/user_diskio.o
                0x00000000080029e4                USER_ioctl
 .text.disk_status
                0x0000000008002a0c       0x34 Middlewares/Third_Party/FatFs/src/diskio.o
                0x0000000008002a0c                disk_status
 .text.disk_initialize
                0x0000000008002a40       0x4c Middlewares/Third_Party/FatFs/src/diskio.o
                0x0000000008002a40                disk_initialize
 .text.disk_read
                0x0000000008002a8c       0x40 Middlewares/Third_Party/FatFs/src/diskio.o
                0x0000000008002a8c                disk_read
 .text.disk_write
                0x0000000008002acc       0x40 Middlewares/Third_Party/FatFs/src/diskio.o
                0x0000000008002acc                disk_write
 .text.disk_ioctl
                0x0000000008002b0c       0x3c Middlewares/Third_Party/FatFs/src/diskio.o
                0x0000000008002b0c                disk_ioctl
 .text.ld_word  0x0000000008002b48       0x30 Middlewares/Third_Party/FatFs/src/ff.o
 .text.ld_dword
                0x0000000008002b78       0x46 Middlewares/Third_Party/FatFs/src/ff.o
 .text.st_word  0x0000000008002bbe       0x36 Middlewares/Third_Party/FatFs/src/ff.o
 .text.st_dword
                0x0000000008002bf4       0x58 Middlewares/Third_Party/FatFs/src/ff.o
 .text.mem_cpy  0x0000000008002c4c       0x42 Middlewares/Third_Party/FatFs/src/ff.o
 .text.mem_set  0x0000000008002c8e       0x34 Middlewares/Third_Party/FatFs/src/ff.o
 .text.mem_cmp  0x0000000008002cc2       0x4e Middlewares/Third_Party/FatFs/src/ff.o
 .text.chk_chr  0x0000000008002d10       0x36 Middlewares/Third_Party/FatFs/src/ff.o
 *fill*         0x0000000008002d46        0x2 
 .text.chk_lock
                0x0000000008002d48       0xb8 Middlewares/Third_Party/FatFs/src/ff.o
 .text.enq_lock
                0x0000000008002e00       0x44 Middlewares/Third_Party/FatFs/src/ff.o
 .text.inc_lock
                0x0000000008002e44      0x11c Middlewares/Third_Party/FatFs/src/ff.o
 .text.dec_lock
                0x0000000008002f60       0x78 Middlewares/Third_Party/FatFs/src/ff.o
 .text.clear_lock
                0x0000000008002fd8       0x48 Middlewares/Third_Party/FatFs/src/ff.o
 .text.sync_window
                0x0000000008003020       0x88 Middlewares/Third_Party/FatFs/src/ff.o
 .text.move_window
                0x00000000080030a8       0x5a Middlewares/Third_Party/FatFs/src/ff.o
 *fill*         0x0000000008003102        0x2 
 .text.sync_fs  0x0000000008003104       0xe0 Middlewares/Third_Party/FatFs/src/ff.o
 .text.clust2sect
                0x00000000080031e4       0x3e Middlewares/Third_Party/FatFs/src/ff.o
 .text.get_fat  0x0000000008003222      0x1a0 Middlewares/Third_Party/FatFs/src/ff.o
 .text.put_fat  0x00000000080033c2      0x22e Middlewares/Third_Party/FatFs/src/ff.o
 .text.remove_chain
                0x00000000080035f0       0xca Middlewares/Third_Party/FatFs/src/ff.o
 .text.create_chain
                0x00000000080036ba      0x130 Middlewares/Third_Party/FatFs/src/ff.o
 .text.clmt_clust
                0x00000000080037ea       0x70 Middlewares/Third_Party/FatFs/src/ff.o
 .text.dir_sdi  0x000000000800385a      0x112 Middlewares/Third_Party/FatFs/src/ff.o
 .text.dir_next
                0x000000000800396c      0x1ac Middlewares/Third_Party/FatFs/src/ff.o
 .text.dir_alloc
                0x0000000008003b18       0x8e Middlewares/Third_Party/FatFs/src/ff.o
 .text.ld_clust
                0x0000000008003ba6       0x3e Middlewares/Third_Party/FatFs/src/ff.o
 .text.st_clust
                0x0000000008003be4       0x40 Middlewares/Third_Party/FatFs/src/ff.o
 .text.cmp_lfn  0x0000000008003c24       0xe0 Middlewares/Third_Party/FatFs/src/ff.o
 .text.put_lfn  0x0000000008003d04       0xd0 Middlewares/Third_Party/FatFs/src/ff.o
 .text.gen_numname
                0x0000000008003dd4      0x11e Middlewares/Third_Party/FatFs/src/ff.o
 .text.sum_sfn  0x0000000008003ef2       0x42 Middlewares/Third_Party/FatFs/src/ff.o
 .text.dir_find
                0x0000000008003f34      0x180 Middlewares/Third_Party/FatFs/src/ff.o
 .text.dir_register
                0x00000000080040b4      0x1f0 Middlewares/Third_Party/FatFs/src/ff.o
 .text.create_name
                0x00000000080042a4      0x370 Middlewares/Third_Party/FatFs/src/ff.o
 .text.follow_path
                0x0000000008004614       0xec Middlewares/Third_Party/FatFs/src/ff.o
 .text.get_ldnumber
                0x0000000008004700       0x88 Middlewares/Third_Party/FatFs/src/ff.o
 .text.check_fs
                0x0000000008004788       0xac Middlewares/Third_Party/FatFs/src/ff.o
 .text.find_volume
                0x0000000008004834      0x510 Middlewares/Third_Party/FatFs/src/ff.o
 .text.validate
                0x0000000008004d44       0x6a Middlewares/Third_Party/FatFs/src/ff.o
 *fill*         0x0000000008004dae        0x2 
 .text.f_mount  0x0000000008004db0       0x8c Middlewares/Third_Party/FatFs/src/ff.o
                0x0000000008004db0                f_mount
 .text.f_open   0x0000000008004e3c      0x398 Middlewares/Third_Party/FatFs/src/ff.o
                0x0000000008004e3c                f_open
 .text.f_write  0x00000000080051d4      0x328 Middlewares/Third_Party/FatFs/src/ff.o
                0x00000000080051d4                f_write
 .text.f_sync   0x00000000080054fc       0xfc Middlewares/Third_Party/FatFs/src/ff.o
                0x00000000080054fc                f_sync
 .text.f_close  0x00000000080055f8       0x54 Middlewares/Third_Party/FatFs/src/ff.o
                0x00000000080055f8                f_close
 .text.putc_bfd
                0x000000000800564c       0x7a Middlewares/Third_Party/FatFs/src/ff.o
 .text.putc_flush
                0x00000000080056c6       0x4c Middlewares/Third_Party/FatFs/src/ff.o
 .text.putc_init
                0x0000000008005712       0x2a Middlewares/Third_Party/FatFs/src/ff.o
 .text.f_puts   0x000000000800573c       0x48 Middlewares/Third_Party/FatFs/src/ff.o
                0x000000000800573c                f_puts
 .text.FATFS_LinkDriverEx
                0x0000000008005784       0x98 Middlewares/Third_Party/FatFs/src/ff_gen_drv.o
                0x0000000008005784                FATFS_LinkDriverEx
 .text.FATFS_LinkDriver
                0x000000000800581c       0x1e Middlewares/Third_Party/FatFs/src/ff_gen_drv.o
                0x000000000800581c                FATFS_LinkDriver
 *fill*         0x000000000800583a        0x2 
 .text.ff_convert
                0x000000000800583c       0x78 Middlewares/Third_Party/FatFs/src/option/ccsbcs.o
                0x000000000800583c                ff_convert
 .text.ff_wtoupper
                0x00000000080058b4      0x114 Middlewares/Third_Party/FatFs/src/option/ccsbcs.o
                0x00000000080058b4                ff_wtoupper
 .text.__libc_init_array
                0x00000000080059c8       0x48 c:/st/stm32cubeide_1.5.0/stm32cubeide/plugins/com.st.stm32cube.ide.mcu.externaltools.gnu-tools-for-stm32.7-2018-q2-update.win32_1.5.0.202011040924/tools/bin/../lib/gcc/arm-none-eabi/7.3.1/../../../../arm-none-eabi/lib/thumb/v7e-m/fpv4-sp/hard\libc_nano.a(lib_a-init.o)
                0x00000000080059c8                __libc_init_array
 .text.memset   0x0000000008005a10       0x10 c:/st/stm32cubeide_1.5.0/stm32cubeide/plugins/com.st.stm32cube.ide.mcu.externaltools.gnu-tools-for-stm32.7-2018-q2-update.win32_1.5.0.202011040924/tools/bin/../lib/gcc/arm-none-eabi/7.3.1/../../../../arm-none-eabi/lib/thumb/v7e-m/fpv4-sp/hard\libc_nano.a(lib_a-memset.o)
                0x0000000008005a10                memset
 *(.glue_7)
 .glue_7        0x0000000008005a20        0x0 linker stubs
 *(.glue_7t)
 .glue_7t       0x0000000008005a20        0x0 linker stubs
 *(.eh_frame)
 .eh_frame      0x0000000008005a20        0x0 c:/st/stm32cubeide_1.5.0/stm32cubeide/plugins/com.st.stm32cube.ide.mcu.externaltools.gnu-tools-for-stm32.7-2018-q2-update.win32_1.5.0.202011040924/tools/bin/../lib/gcc/arm-none-eabi/7.3.1/thumb/v7e-m/fpv4-sp/hard/crtbegin.o
 *(.init)
 .init          0x0000000008005a20        0x4 c:/st/stm32cubeide_1.5.0/stm32cubeide/plugins/com.st.stm32cube.ide.mcu.externaltools.gnu-tools-for-stm32.7-2018-q2-update.win32_1.5.0.202011040924/tools/bin/../lib/gcc/arm-none-eabi/7.3.1/thumb/v7e-m/fpv4-sp/hard/crti.o
                0x0000000008005a20                _init
 .init          0x0000000008005a24        0x8 c:/st/stm32cubeide_1.5.0/stm32cubeide/plugins/com.st.stm32cube.ide.mcu.externaltools.gnu-tools-for-stm32.7-2018-q2-update.win32_1.5.0.202011040924/tools/bin/../lib/gcc/arm-none-eabi/7.3.1/thumb/v7e-m/fpv4-sp/hard/crtn.o
 *(.fini)
 .fini          0x0000000008005a2c        0x4 c:/st/stm32cubeide_1.5.0/stm32cubeide/plugins/com.st.stm32cube.ide.mcu.externaltools.gnu-tools-for-stm32.7-2018-q2-update.win32_1.5.0.202011040924/tools/bin/../lib/gcc/arm-none-eabi/7.3.1/thumb/v7e-m/fpv4-sp/hard/crti.o
                0x0000000008005a2c                _fini
 .fini          0x0000000008005a30        0x8 c:/st/stm32cubeide_1.5.0/stm32cubeide/plugins/com.st.stm32cube.ide.mcu.externaltools.gnu-tools-for-stm32.7-2018-q2-update.win32_1.5.0.202011040924/tools/bin/../lib/gcc/arm-none-eabi/7.3.1/thumb/v7e-m/fpv4-sp/hard/crtn.o
                0x0000000008005a38                . = ALIGN (0x4)
                0x0000000008005a38                _etext = .

.vfp11_veneer   0x0000000008005a38        0x0
 .vfp11_veneer  0x0000000008005a38        0x0 linker stubs

.v4_bx          0x0000000008005a38        0x0
 .v4_bx         0x0000000008005a38        0x0 linker stubs

.iplt           0x0000000008005a38        0x0
 .iplt          0x0000000008005a38        0x0 c:/st/stm32cubeide_1.5.0/stm32cubeide/plugins/com.st.stm32cube.ide.mcu.externaltools.gnu-tools-for-stm32.7-2018-q2-update.win32_1.5.0.202011040924/tools/bin/../lib/gcc/arm-none-eabi/7.3.1/thumb/v7e-m/fpv4-sp/hard/crtbegin.o

.rodata         0x0000000008005a38      0x4bc
                0x0000000008005a38                . = ALIGN (0x4)
 *(.rodata)
 .rodata        0x0000000008005a38       0x23 Core/Src/main.o
 *fill*         0x0000000008005a5b        0x1 
 .rodata        0x0000000008005a5c       0x48 Middlewares/Third_Party/FatFs/src/ff.o
 *(.rodata*)
 .rodata.AHBPrescTable
                0x0000000008005aa4       0x10 Core/Src/system_stm32f4xx.o
                0x0000000008005aa4                AHBPrescTable
 .rodata.ExCvt  0x0000000008005ab4       0x80 Middlewares/Third_Party/FatFs/src/ff.o
 .rodata.LfnOfs
                0x0000000008005b34        0xd Middlewares/Third_Party/FatFs/src/ff.o
 *fill*         0x0000000008005b41        0x3 
 .rodata.Tbl    0x0000000008005b44      0x100 Middlewares/Third_Party/FatFs/src/option/ccsbcs.o
 .rodata.cvt1.8166
                0x0000000008005c44      0x1f2 Middlewares/Third_Party/FatFs/src/option/ccsbcs.o
 *fill*         0x0000000008005e36        0x2 
 .rodata.cvt2.8167
                0x0000000008005e38       0xbc Middlewares/Third_Party/FatFs/src/option/ccsbcs.o
                0x0000000008005ef4                . = ALIGN (0x4)

.ARM.extab      0x0000000008005ef4        0x0
                0x0000000008005ef4                . = ALIGN (0x4)
 *(.ARM.extab* .gnu.linkonce.armextab.*)
                0x0000000008005ef4                . = ALIGN (0x4)

.ARM            0x0000000008005ef4        0x8
                0x0000000008005ef4                . = ALIGN (0x4)
                0x0000000008005ef4                __exidx_start = .
 *(.ARM.exidx*)
 .ARM.exidx     0x0000000008005ef4        0x8 c:/st/stm32cubeide_1.5.0/stm32cubeide/plugins/com.st.stm32cube.ide.mcu.externaltools.gnu-tools-for-stm32.7-2018-q2-update.win32_1.5.0.202011040924/tools/bin/../lib/gcc/arm-none-eabi/7.3.1/thumb/v7e-m/fpv4-sp/hard\libgcc.a(_udivmoddi4.o)
                0x0000000008005efc                __exidx_end = .
                0x0000000008005efc                . = ALIGN (0x4)

.rel.dyn        0x0000000008005efc        0x0
 .rel.iplt      0x0000000008005efc        0x0 c:/st/stm32cubeide_1.5.0/stm32cubeide/plugins/com.st.stm32cube.ide.mcu.externaltools.gnu-tools-for-stm32.7-2018-q2-update.win32_1.5.0.202011040924/tools/bin/../lib/gcc/arm-none-eabi/7.3.1/thumb/v7e-m/fpv4-sp/hard/crtbegin.o

.preinit_array  0x0000000008005efc        0x0
                0x0000000008005efc                . = ALIGN (0x4)
                0x0000000008005efc                PROVIDE (__preinit_array_start = .)
 *(.preinit_array*)
                0x0000000008005efc                PROVIDE (__preinit_array_end = .)
                0x0000000008005efc                . = ALIGN (0x4)

.init_array     0x0000000008005efc        0x4
                0x0000000008005efc                . = ALIGN (0x4)
                0x0000000008005efc                PROVIDE (__init_array_start = .)
 *(SORT_BY_NAME(.init_array.*))
 *(.init_array*)
 .init_array    0x0000000008005efc        0x4 c:/st/stm32cubeide_1.5.0/stm32cubeide/plugins/com.st.stm32cube.ide.mcu.externaltools.gnu-tools-for-stm32.7-2018-q2-update.win32_1.5.0.202011040924/tools/bin/../lib/gcc/arm-none-eabi/7.3.1/thumb/v7e-m/fpv4-sp/hard/crtbegin.o
                0x0000000008005f00                PROVIDE (__init_array_end = .)
                0x0000000008005f00                . = ALIGN (0x4)

.fini_array     0x0000000008005f00        0x4
                0x0000000008005f00                . = ALIGN (0x4)
                [!provide]                        PROVIDE (__fini_array_start = .)
 *(SORT_BY_NAME(.fini_array.*))
 *(.fini_array*)
 .fini_array    0x0000000008005f00        0x4 c:/st/stm32cubeide_1.5.0/stm32cubeide/plugins/com.st.stm32cube.ide.mcu.externaltools.gnu-tools-for-stm32.7-2018-q2-update.win32_1.5.0.202011040924/tools/bin/../lib/gcc/arm-none-eabi/7.3.1/thumb/v7e-m/fpv4-sp/hard/crtbegin.o
                [!provide]                        PROVIDE (__fini_array_end = .)
                0x0000000008005f04                . = ALIGN (0x4)
                0x0000000008005f04                _sidata = LOADADDR (.data)

.data           0x0000000020000000       0x24 load address 0x0000000008005f04
                0x0000000020000000                . = ALIGN (0x4)
                0x0000000020000000                _sdata = .
 *(.data)
 *(.data*)
 .data.Stat     0x0000000020000000        0x1 Core/Src/fatfs_sd.o
 *fill*         0x0000000020000001        0x3 
 .data.SystemCoreClock
                0x0000000020000004        0x4 Core/Src/system_stm32f4xx.o
                0x0000000020000004                SystemCoreClock
 .data.uwTickPrio
                0x0000000020000008        0x4 Drivers/STM32F4xx_HAL_Driver/Src/stm32f4xx_hal.o
                0x0000000020000008                uwTickPrio
 .data.uwTickFreq
                0x000000002000000c        0x1 Drivers/STM32F4xx_HAL_Driver/Src/stm32f4xx_hal.o
                0x000000002000000c                uwTickFreq
 *fill*         0x000000002000000d        0x3 
 .data.USER_Driver
                0x0000000020000010       0x14 FATFS/Target/user_diskio.o
                0x0000000020000010                USER_Driver
 *(.RamFunc)
 *(.RamFunc*)
                0x0000000020000024                . = ALIGN (0x4)
                0x0000000020000024                _edata = .

.igot.plt       0x0000000020000024        0x0 load address 0x0000000008005f28
 .igot.plt      0x0000000020000024        0x0 c:/st/stm32cubeide_1.5.0/stm32cubeide/plugins/com.st.stm32cube.ide.mcu.externaltools.gnu-tools-for-stm32.7-2018-q2-update.win32_1.5.0.202011040924/tools/bin/../lib/gcc/arm-none-eabi/7.3.1/thumb/v7e-m/fpv4-sp/hard/crtbegin.o
                0x0000000020000024                . = ALIGN (0x4)

.bss            0x0000000020000024     0x2324 load address 0x0000000008005f28
                0x0000000020000024                _sbss = .
                0x0000000020000024                __bss_start__ = _sbss
 *(.bss)
 .bss           0x0000000020000024       0x1c c:/st/stm32cubeide_1.5.0/stm32cubeide/plugins/com.st.stm32cube.ide.mcu.externaltools.gnu-tools-for-stm32.7-2018-q2-update.win32_1.5.0.202011040924/tools/bin/../lib/gcc/arm-none-eabi/7.3.1/thumb/v7e-m/fpv4-sp/hard/crtbegin.o
 *(.bss*)
 .bss.CardType  0x0000000020000040        0x1 Core/Src/fatfs_sd.o
 .bss.PowerFlag
                0x0000000020000041        0x1 Core/Src/fatfs_sd.o
 *fill*         0x0000000020000042        0x2 
 .bss.FatFs     0x0000000020000044        0x4 Middlewares/Third_Party/FatFs/src/ff.o
 .bss.Fsid      0x0000000020000048        0x2 Middlewares/Third_Party/FatFs/src/ff.o
 *fill*         0x000000002000004a        0x2 
 .bss.Files     0x000000002000004c       0x20 Middlewares/Third_Party/FatFs/src/ff.o
 .bss.LfnBuf    0x000000002000006c      0x200 Middlewares/Third_Party/FatFs/src/ff.o
 .bss.disk      0x000000002000026c        0xc Middlewares/Third_Party/FatFs/src/ff_gen_drv.o
                0x000000002000026c                disk
 *(COMMON)
 COMMON         0x0000000020000278        0x4 Core/Src/fatfs_sd.o
                0x0000000020000278                Timer2
                0x000000002000027a                Timer1
 COMMON         0x000000002000027c       0x58 Core/Src/main.o
                0x000000002000027c                hspi2
 COMMON         0x00000000200002d4        0x4 Drivers/STM32F4xx_HAL_Driver/Src/stm32f4xx_hal.o
                0x00000000200002d4                uwTick
 COMMON         0x00000000200002d8     0x2070 FATFS/App/fatfs.o
                0x00000000200002d8                USERPath
                0x00000000200002dc                retUSER
                0x00000000200002e0                USERFile
                0x0000000020001310                USERFatFS
                0x0000000020002348                . = ALIGN (0x4)
                0x0000000020002348                _ebss = .
                0x0000000020002348                __bss_end__ = _ebss

._user_heap_stack
                0x0000000020002348      0x600 load address 0x0000000008005f28
                0x0000000020002348                . = ALIGN (0x8)
                [!provide]                        PROVIDE (end = .)
                0x0000000020002348                PROVIDE (_end = .)
                0x0000000020002548                . = (. + _Min_Heap_Size)
 *fill*         0x0000000020002348      0x200 
                0x0000000020002948                . = (. + _Min_Stack_Size)
 *fill*         0x0000000020002548      0x400 
                0x0000000020002948                . = ALIGN (0x8)

/DISCARD/
 libc.a(*)
 libm.a(*)
 libgcc.a(*)

.ARM.attributes
                0x0000000000000000       0x30
 *(.ARM.attributes)
 .ARM.attributes
                0x0000000000000000       0x22 c:/st/stm32cubeide_1.5.0/stm32cubeide/plugins/com.st.stm32cube.ide.mcu.externaltools.gnu-tools-for-stm32.7-2018-q2-update.win32_1.5.0.202011040924/tools/bin/../lib/gcc/arm-none-eabi/7.3.1/thumb/v7e-m/fpv4-sp/hard/crti.o
 .ARM.attributes
                0x0000000000000022       0x34 c:/st/stm32cubeide_1.5.0/stm32cubeide/plugins/com.st.stm32cube.ide.mcu.externaltools.gnu-tools-for-stm32.7-2018-q2-update.win32_1.5.0.202011040924/tools/bin/../lib/gcc/arm-none-eabi/7.3.1/thumb/v7e-m/fpv4-sp/hard/crtbegin.o
 .ARM.attributes
                0x0000000000000056       0x39 Core/Src/fatfs_sd.o
 .ARM.attributes
                0x000000000000008f       0x39 Core/Src/main.o
 .ARM.attributes
                0x00000000000000c8       0x39 Core/Src/stm32f4xx_hal_msp.o
 .ARM.attributes
                0x0000000000000101       0x39 Core/Src/stm32f4xx_it.o
 .ARM.attributes
                0x000000000000013a       0x39 Core/Src/system_stm32f4xx.o
 .ARM.attributes
                0x0000000000000173       0x21 Core/Startup/startup_stm32f411retx.o
 .ARM.attributes
                0x0000000000000194       0x39 Drivers/STM32F4xx_HAL_Driver/Src/stm32f4xx_hal.o
 .ARM.attributes
                0x00000000000001cd       0x39 Drivers/STM32F4xx_HAL_Driver/Src/stm32f4xx_hal_cortex.o
 .ARM.attributes
                0x0000000000000206       0x39 Drivers/STM32F4xx_HAL_Driver/Src/stm32f4xx_hal_gpio.o
 .ARM.attributes
                0x000000000000023f       0x39 Drivers/STM32F4xx_HAL_Driver/Src/stm32f4xx_hal_rcc.o
 .ARM.attributes
                0x0000000000000278       0x39 Drivers/STM32F4xx_HAL_Driver/Src/stm32f4xx_hal_spi.o
 .ARM.attributes
                0x00000000000002b1       0x39 FATFS/App/fatfs.o
 .ARM.attributes
                0x00000000000002ea       0x39 FATFS/Target/user_diskio.o
 .ARM.attributes
                0x0000000000000323       0x39 Middlewares/Third_Party/FatFs/src/diskio.o
 .ARM.attributes
                0x000000000000035c       0x39 Middlewares/Third_Party/FatFs/src/ff.o
 .ARM.attributes
                0x0000000000000395       0x39 Middlewares/Third_Party/FatFs/src/ff_gen_drv.o
 .ARM.attributes
                0x00000000000003ce       0x39 Middlewares/Third_Party/FatFs/src/option/ccsbcs.o
 .ARM.attributes
                0x0000000000000407       0x34 c:/st/stm32cubeide_1.5.0/stm32cubeide/plugins/com.st.stm32cube.ide.mcu.externaltools.gnu-tools-for-stm32.7-2018-q2-update.win32_1.5.0.202011040924/tools/bin/../lib/gcc/arm-none-eabi/7.3.1/../../../../arm-none-eabi/lib/thumb/v7e-m/fpv4-sp/hard\libc_nano.a(lib_a-init.o)
 .ARM.attributes
                0x000000000000043b       0x34 c:/st/stm32cubeide_1.5.0/stm32cubeide/plugins/com.st.stm32cube.ide.mcu.externaltools.gnu-tools-for-stm32.7-2018-q2-update.win32_1.5.0.202011040924/tools/bin/../lib/gcc/arm-none-eabi/7.3.1/../../../../arm-none-eabi/lib/thumb/v7e-m/fpv4-sp/hard\libc_nano.a(lib_a-memset.o)
 .ARM.attributes
                0x000000000000046f       0x22 c:/st/stm32cubeide_1.5.0/stm32cubeide/plugins/com.st.stm32cube.ide.mcu.externaltools.gnu-tools-for-stm32.7-2018-q2-update.win32_1.5.0.202011040924/tools/bin/../lib/gcc/arm-none-eabi/7.3.1/thumb/v7e-m/fpv4-sp/hard\libgcc.a(_aeabi_uldivmod.o)
 .ARM.attributes
                0x0000000000000491       0x34 c:/st/stm32cubeide_1.5.0/stm32cubeide/plugins/com.st.stm32cube.ide.mcu.externaltools.gnu-tools-for-stm32.7-2018-q2-update.win32_1.5.0.202011040924/tools/bin/../lib/gcc/arm-none-eabi/7.3.1/thumb/v7e-m/fpv4-sp/hard\libgcc.a(_udivmoddi4.o)
 .ARM.attributes
                0x00000000000004c5       0x22 c:/st/stm32cubeide_1.5.0/stm32cubeide/plugins/com.st.stm32cube.ide.mcu.externaltools.gnu-tools-for-stm32.7-2018-q2-update.win32_1.5.0.202011040924/tools/bin/../lib/gcc/arm-none-eabi/7.3.1/thumb/v7e-m/fpv4-sp/hard\libgcc.a(_dvmd_tls.o)
 .ARM.attributes
                0x00000000000004e7       0x22 c:/st/stm32cubeide_1.5.0/stm32cubeide/plugins/com.st.stm32cube.ide.mcu.externaltools.gnu-tools-for-stm32.7-2018-q2-update.win32_1.5.0.202011040924/tools/bin/../lib/gcc/arm-none-eabi/7.3.1/thumb/v7e-m/fpv4-sp/hard/crtn.o
OUTPUT(sdKartRapor.elf elf32-littlearm)

.debug_info     0x0000000000000000     0xe051
 .debug_info    0x0000000000000000      0xc1c Core/Src/fatfs_sd.o
 .debug_info    0x0000000000000c1c     0x18b6 Core/Src/main.o
 .debug_info    0x00000000000024d2      0x9d0 Core/Src/stm32f4xx_hal_msp.o
 .debug_info    0x0000000000002ea2      0x20a Core/Src/stm32f4xx_it.o
 .debug_info    0x00000000000030ac      0x57e Core/Src/system_stm32f4xx.o
 .debug_info    0x000000000000362a       0x22 Core/Startup/startup_stm32f411retx.o
 .debug_info    0x000000000000364c      0x8d5 Drivers/STM32F4xx_HAL_Driver/Src/stm32f4xx_hal.o
 .debug_info    0x0000000000003f21      0xd98 Drivers/STM32F4xx_HAL_Driver/Src/stm32f4xx_hal_cortex.o
 .debug_info    0x0000000000004cb9      0x7d7 Drivers/STM32F4xx_HAL_Driver/Src/stm32f4xx_hal_gpio.o
 .debug_info    0x0000000000005490      0x92a Drivers/STM32F4xx_HAL_Driver/Src/stm32f4xx_hal_rcc.o
 .debug_info    0x0000000000005dba     0x1632 Drivers/STM32F4xx_HAL_Driver/Src/stm32f4xx_hal_spi.o
 .debug_info    0x00000000000073ec      0xdaa FATFS/App/fatfs.o
 .debug_info    0x0000000000008196      0xc6a FATFS/Target/user_diskio.o
 .debug_info    0x0000000000008e00      0xcdc Middlewares/Third_Party/FatFs/src/diskio.o
 .debug_info    0x0000000000009adc     0x2e3a Middlewares/Third_Party/FatFs/src/ff.o
 .debug_info    0x000000000000c916      0xc74 Middlewares/Third_Party/FatFs/src/ff_gen_drv.o
 .debug_info    0x000000000000d58a      0xac7 Middlewares/Third_Party/FatFs/src/option/ccsbcs.o

.debug_abbrev   0x0000000000000000     0x20b9
 .debug_abbrev  0x0000000000000000      0x284 Core/Src/fatfs_sd.o
 .debug_abbrev  0x0000000000000284      0x2c0 Core/Src/main.o
 .debug_abbrev  0x0000000000000544      0x18c Core/Src/stm32f4xx_hal_msp.o
 .debug_abbrev  0x00000000000006d0       0xc6 Core/Src/stm32f4xx_it.o
 .debug_abbrev  0x0000000000000796      0x12b Core/Src/system_stm32f4xx.o
 .debug_abbrev  0x00000000000008c1       0x12 Core/Startup/startup_stm32f411retx.o
 .debug_abbrev  0x00000000000008d3      0x1f2 Drivers/STM32F4xx_HAL_Driver/Src/stm32f4xx_hal.o
 .debug_abbrev  0x0000000000000ac5      0x2fa Drivers/STM32F4xx_HAL_Driver/Src/stm32f4xx_hal_cortex.o
 .debug_abbrev  0x0000000000000dbf      0x1c9 Drivers/STM32F4xx_HAL_Driver/Src/stm32f4xx_hal_gpio.o
 .debug_abbrev  0x0000000000000f88      0x245 Drivers/STM32F4xx_HAL_Driver/Src/stm32f4xx_hal_rcc.o
 .debug_abbrev  0x00000000000011cd      0x240 Drivers/STM32F4xx_HAL_Driver/Src/stm32f4xx_hal_spi.o
 .debug_abbrev  0x000000000000140d      0x1df FATFS/App/fatfs.o
 .debug_abbrev  0x00000000000015ec      0x207 FATFS/Target/user_diskio.o
 .debug_abbrev  0x00000000000017f3      0x209 Middlewares/Third_Party/FatFs/src/diskio.o
 .debug_abbrev  0x00000000000019fc      0x298 Middlewares/Third_Party/FatFs/src/ff.o
 .debug_abbrev  0x0000000000001c94      0x236 Middlewares/Third_Party/FatFs/src/ff_gen_drv.o
 .debug_abbrev  0x0000000000001eca      0x1ef Middlewares/Third_Party/FatFs/src/option/ccsbcs.o

.debug_aranges  0x0000000000000000      0x9d0
 .debug_aranges
                0x0000000000000000       0xa8 Core/Src/fatfs_sd.o
 .debug_aranges
                0x00000000000000a8       0x48 Core/Src/main.o
 .debug_aranges
                0x00000000000000f0       0x30 Core/Src/stm32f4xx_hal_msp.o
 .debug_aranges
                0x0000000000000120       0x60 Core/Src/stm32f4xx_it.o
 .debug_aranges
                0x0000000000000180       0x28 Core/Src/system_stm32f4xx.o
 .debug_aranges
                0x00000000000001a8       0x28 Core/Startup/startup_stm32f411retx.o
 .debug_aranges
                0x00000000000001d0       0xf0 Drivers/STM32F4xx_HAL_Driver/Src/stm32f4xx_hal.o
 .debug_aranges
                0x00000000000002c0      0x118 Drivers/STM32F4xx_HAL_Driver/Src/stm32f4xx_hal_cortex.o
 .debug_aranges
                0x00000000000003d8       0x58 Drivers/STM32F4xx_HAL_Driver/Src/stm32f4xx_hal_gpio.o
 .debug_aranges
                0x0000000000000430       0x88 Drivers/STM32F4xx_HAL_Driver/Src/stm32f4xx_hal_rcc.o
 .debug_aranges
                0x00000000000004b8      0x1d0 Drivers/STM32F4xx_HAL_Driver/Src/stm32f4xx_hal_spi.o
 .debug_aranges
                0x0000000000000688       0x28 FATFS/App/fatfs.o
 .debug_aranges
                0x00000000000006b0       0x40 FATFS/Target/user_diskio.o
 .debug_aranges
                0x00000000000006f0       0x48 Middlewares/Third_Party/FatFs/src/diskio.o
 .debug_aranges
                0x0000000000000738      0x230 Middlewares/Third_Party/FatFs/src/ff.o
 .debug_aranges
                0x0000000000000968       0x40 Middlewares/Third_Party/FatFs/src/ff_gen_drv.o
 .debug_aranges
                0x00000000000009a8       0x28 Middlewares/Third_Party/FatFs/src/option/ccsbcs.o

.debug_ranges   0x0000000000000000      0x8c8
 .debug_ranges  0x0000000000000000       0x98 Core/Src/fatfs_sd.o
 .debug_ranges  0x0000000000000098       0x38 Core/Src/main.o
 .debug_ranges  0x00000000000000d0       0x20 Core/Src/stm32f4xx_hal_msp.o
 .debug_ranges  0x00000000000000f0       0x50 Core/Src/stm32f4xx_it.o
 .debug_ranges  0x0000000000000140       0x18 Core/Src/system_stm32f4xx.o
 .debug_ranges  0x0000000000000158       0x20 Core/Startup/startup_stm32f411retx.o
 .debug_ranges  0x0000000000000178       0xe0 Drivers/STM32F4xx_HAL_Driver/Src/stm32f4xx_hal.o
 .debug_ranges  0x0000000000000258      0x108 Drivers/STM32F4xx_HAL_Driver/Src/stm32f4xx_hal_cortex.o
 .debug_ranges  0x0000000000000360       0x48 Drivers/STM32F4xx_HAL_Driver/Src/stm32f4xx_hal_gpio.o
 .debug_ranges  0x00000000000003a8       0x78 Drivers/STM32F4xx_HAL_Driver/Src/stm32f4xx_hal_rcc.o
 .debug_ranges  0x0000000000000420      0x1c0 Drivers/STM32F4xx_HAL_Driver/Src/stm32f4xx_hal_spi.o
 .debug_ranges  0x00000000000005e0       0x18 FATFS/App/fatfs.o
 .debug_ranges  0x00000000000005f8       0x30 FATFS/Target/user_diskio.o
 .debug_ranges  0x0000000000000628       0x38 Middlewares/Third_Party/FatFs/src/diskio.o
 .debug_ranges  0x0000000000000660      0x220 Middlewares/Third_Party/FatFs/src/ff.o
 .debug_ranges  0x0000000000000880       0x30 Middlewares/Third_Party/FatFs/src/ff_gen_drv.o
 .debug_ranges  0x00000000000008b0       0x18 Middlewares/Third_Party/FatFs/src/option/ccsbcs.o

.debug_macro    0x0000000000000000    0x1704b
 .debug_macro   0x0000000000000000      0x1ed Core/Src/fatfs_sd.o
 .debug_macro   0x00000000000001ed      0xa5a Core/Src/fatfs_sd.o
 .debug_macro   0x0000000000000c47      0x28e Core/Src/fatfs_sd.o
 .debug_macro   0x0000000000000ed5       0x2e Core/Src/fatfs_sd.o
 .debug_macro   0x0000000000000f03       0x28 Core/Src/fatfs_sd.o
 .debug_macro   0x0000000000000f2b       0x22 Core/Src/fatfs_sd.o
 .debug_macro   0x0000000000000f4d       0x8e Core/Src/fatfs_sd.o
 .debug_macro   0x0000000000000fdb       0x51 Core/Src/fatfs_sd.o
 .debug_macro   0x000000000000102c       0xef Core/Src/fatfs_sd.o
 .debug_macro   0x000000000000111b       0x6a Core/Src/fatfs_sd.o
 .debug_macro   0x0000000000001185      0x1df Core/Src/fatfs_sd.o
 .debug_macro   0x0000000000001364       0x1c Core/Src/fatfs_sd.o
 .debug_macro   0x0000000000001380       0x22 Core/Src/fatfs_sd.o
 .debug_macro   0x00000000000013a2       0xdf Core/Src/fatfs_sd.o
 .debug_macro   0x0000000000001481     0x102d Core/Src/fatfs_sd.o
 .debug_macro   0x00000000000024ae      0x11f Core/Src/fatfs_sd.o
 .debug_macro   0x00000000000025cd     0xb937 Core/Src/fatfs_sd.o
 .debug_macro   0x000000000000df04       0x43 Core/Src/fatfs_sd.o
 .debug_macro   0x000000000000df47     0x3659 Core/Src/fatfs_sd.o
 .debug_macro   0x00000000000115a0      0x174 Core/Src/fatfs_sd.o
 .debug_macro   0x0000000000011714       0x5a Core/Src/fatfs_sd.o
 .debug_macro   0x000000000001176e      0x447 Core/Src/fatfs_sd.o
 .debug_macro   0x0000000000011bb5      0x9fe Core/Src/fatfs_sd.o
 .debug_macro   0x00000000000125b3      0x117 Core/Src/fatfs_sd.o
 .debug_macro   0x00000000000126ca      0x11b Core/Src/fatfs_sd.o
 .debug_macro   0x00000000000127e5       0x27 Core/Src/fatfs_sd.o
 .debug_macro   0x000000000001280c      0x15f Core/Src/fatfs_sd.o
 .debug_macro   0x000000000001296b      0x287 Core/Src/fatfs_sd.o
 .debug_macro   0x0000000000012bf2       0x5f Core/Src/fatfs_sd.o
 .debug_macro   0x0000000000012c51      0x236 Core/Src/fatfs_sd.o
 .debug_macro   0x0000000000012e87      0x132 Core/Src/fatfs_sd.o
 .debug_macro   0x0000000000012fb9      0x264 Core/Src/fatfs_sd.o
 .debug_macro   0x000000000001321d       0x2e Core/Src/fatfs_sd.o
 .debug_macro   0x000000000001324b      0x11a Core/Src/fatfs_sd.o
 .debug_macro   0x0000000000013365       0x85 Core/Src/fatfs_sd.o
 .debug_macro   0x00000000000133ea       0x89 Core/Src/fatfs_sd.o
 .debug_macro   0x0000000000013473      0x225 Core/Src/fatfs_sd.o
 .debug_macro   0x0000000000013698      0x126 Core/Src/fatfs_sd.o
 .debug_macro   0x00000000000137be       0x16 Core/Src/fatfs_sd.o
 .debug_macro   0x00000000000137d4       0x7c Core/Src/fatfs_sd.o
 .debug_macro   0x0000000000013850       0x9a Core/Src/fatfs_sd.o
 .debug_macro   0x00000000000138ea      0x3d4 Core/Src/main.o
 .debug_macro   0x0000000000013cbe       0xeb Core/Src/main.o
 .debug_macro   0x0000000000013da9       0x18 Core/Src/main.o
 .debug_macro   0x0000000000013dc1       0x46 Core/Src/main.o
 .debug_macro   0x0000000000013e07       0x3c Core/Src/main.o
 .debug_macro   0x0000000000013e43       0x34 Core/Src/main.o
 .debug_macro   0x0000000000013e77       0x16 Core/Src/main.o
 .debug_macro   0x0000000000013e8d       0x35 Core/Src/main.o
 .debug_macro   0x0000000000013ec2       0x52 Core/Src/main.o
 .debug_macro   0x0000000000013f14       0x1f Core/Src/main.o
 .debug_macro   0x0000000000013f33       0x43 Core/Src/main.o
 .debug_macro   0x0000000000013f76       0x20 Core/Src/main.o
 .debug_macro   0x0000000000013f96      0x1a3 Core/Src/main.o
 .debug_macro   0x0000000000014139      0x32a Core/Src/main.o
 .debug_macro   0x0000000000014463       0x16 Core/Src/main.o
 .debug_macro   0x0000000000014479       0x29 Core/Src/main.o
 .debug_macro   0x00000000000144a2       0x12 Core/Src/main.o
 .debug_macro   0x00000000000144b4       0xe2 Core/Src/main.o
 .debug_macro   0x0000000000014596       0x8e Core/Src/main.o
 .debug_macro   0x0000000000014624       0x1c Core/Src/main.o
 .debug_macro   0x0000000000014640       0x10 Core/Src/main.o
 .debug_macro   0x0000000000014650       0x10 Core/Src/main.o
 .debug_macro   0x0000000000014660       0x1c Core/Src/main.o
 .debug_macro   0x000000000001467c       0x52 Core/Src/main.o
 .debug_macro   0x00000000000146ce       0x40 Core/Src/main.o
 .debug_macro   0x000000000001470e       0x10 Core/Src/main.o
 .debug_macro   0x000000000001471e       0x40 Core/Src/main.o
 .debug_macro   0x000000000001475e       0xd7 Core/Src/main.o
 .debug_macro   0x0000000000014835       0x1c Core/Src/main.o
 .debug_macro   0x0000000000014851       0x3d Core/Src/main.o
 .debug_macro   0x000000000001488e       0x16 Core/Src/main.o
 .debug_macro   0x00000000000148a4      0x145 Core/Src/main.o
 .debug_macro   0x00000000000149e9       0x16 Core/Src/main.o
 .debug_macro   0x00000000000149ff       0x20 Core/Src/main.o
 .debug_macro   0x0000000000014a1f      0x1c4 Core/Src/stm32f4xx_hal_msp.o
 .debug_macro   0x0000000000014be3      0x1ce Core/Src/stm32f4xx_it.o
 .debug_macro   0x0000000000014db1      0x1c0 Core/Src/system_stm32f4xx.o
 .debug_macro   0x0000000000014f71      0x21a Drivers/STM32F4xx_HAL_Driver/Src/stm32f4xx_hal.o
 .debug_macro   0x000000000001518b      0x1ba Drivers/STM32F4xx_HAL_Driver/Src/stm32f4xx_hal_cortex.o
 .debug_macro   0x0000000000015345      0x1f0 Drivers/STM32F4xx_HAL_Driver/Src/stm32f4xx_hal_gpio.o
 .debug_macro   0x0000000000015535      0x1de Drivers/STM32F4xx_HAL_Driver/Src/stm32f4xx_hal_rcc.o
 .debug_macro   0x0000000000015713      0x1c9 Drivers/STM32F4xx_HAL_Driver/Src/stm32f4xx_hal_spi.o
 .debug_macro   0x00000000000158dc      0x2dc FATFS/App/fatfs.o
 .debug_macro   0x0000000000015bb8       0xe5 FATFS/App/fatfs.o
 .debug_macro   0x0000000000015c9d      0x2f9 FATFS/Target/user_diskio.o
 .debug_macro   0x0000000000015f96       0x10 FATFS/Target/user_diskio.o
 .debug_macro   0x0000000000015fa6       0xd9 FATFS/Target/user_diskio.o
 .debug_macro   0x000000000001607f       0x54 FATFS/Target/user_diskio.o
 .debug_macro   0x00000000000160d3      0x2c9 Middlewares/Third_Party/FatFs/src/diskio.o
 .debug_macro   0x000000000001639c      0x6d7 Middlewares/Third_Party/FatFs/src/ff.o
 .debug_macro   0x0000000000016a73       0x58 Middlewares/Third_Party/FatFs/src/ff.o
 .debug_macro   0x0000000000016acb      0x2c9 Middlewares/Third_Party/FatFs/src/ff_gen_drv.o
 .debug_macro   0x0000000000016d94      0x2b7 Middlewares/Third_Party/FatFs/src/option/ccsbcs.o

.debug_line     0x0000000000000000     0xa7f7
 .debug_line    0x0000000000000000      0xa72 Core/Src/fatfs_sd.o
 .debug_line    0x0000000000000a72      0xa28 Core/Src/main.o
 .debug_line    0x000000000000149a      0x6bf Core/Src/stm32f4xx_hal_msp.o
 .debug_line    0x0000000000001b59      0x737 Core/Src/stm32f4xx_it.o
 .debug_line    0x0000000000002290      0x6aa Core/Src/system_stm32f4xx.o
 .debug_line    0x000000000000293a       0x85 Core/Startup/startup_stm32f411retx.o
 .debug_line    0x00000000000029bf      0x894 Drivers/STM32F4xx_HAL_Driver/Src/stm32f4xx_hal.o
 .debug_line    0x0000000000003253      0x9b8 Drivers/STM32F4xx_HAL_Driver/Src/stm32f4xx_hal_cortex.o
 .debug_line    0x0000000000003c0b      0x837 Drivers/STM32F4xx_HAL_Driver/Src/stm32f4xx_hal_gpio.o
 .debug_line    0x0000000000004442      0x8ec Drivers/STM32F4xx_HAL_Driver/Src/stm32f4xx_hal_rcc.o
 .debug_line    0x0000000000004d2e     0x1050 Drivers/STM32F4xx_HAL_Driver/Src/stm32f4xx_hal_spi.o
 .debug_line    0x0000000000005d7e      0x867 FATFS/App/fatfs.o
 .debug_line    0x00000000000065e5      0x8ae FATFS/Target/user_diskio.o
 .debug_line    0x0000000000006e93      0x88f Middlewares/Third_Party/FatFs/src/diskio.o
 .debug_line    0x0000000000007722     0x1f89 Middlewares/Third_Party/FatFs/src/ff.o
 .debug_line    0x00000000000096ab      0x88f Middlewares/Third_Party/FatFs/src/ff_gen_drv.o
 .debug_line    0x0000000000009f3a      0x8bd Middlewares/Third_Party/FatFs/src/option/ccsbcs.o

.debug_str      0x0000000000000000    0x8651a
 .debug_str     0x0000000000000000    0x7ee73 Core/Src/fatfs_sd.o
                                      0x7f184 (size before relaxing)
 .debug_str     0x000000000007ee73     0x4b8a Core/Src/main.o
                                      0x83c85 (size before relaxing)
 .debug_str     0x00000000000839fd       0x53 Core/Src/stm32f4xx_hal_msp.o
                                      0x7ee49 (size before relaxing)
 .debug_str     0x0000000000083a50       0xbd Core/Src/stm32f4xx_it.o
                                      0x7e8fa (size before relaxing)
 .debug_str     0x0000000000083b0d       0xc4 Core/Src/system_stm32f4xx.o
                                      0x7ea05 (size before relaxing)
 .debug_str     0x0000000000083bd1       0x36 Core/Startup/startup_stm32f411retx.o
                                         0x64 (size before relaxing)
 .debug_str     0x0000000000083c07      0x919 Drivers/STM32F4xx_HAL_Driver/Src/stm32f4xx_hal.o
                                      0x7f37a (size before relaxing)
 .debug_str     0x0000000000084520      0x399 Drivers/STM32F4xx_HAL_Driver/Src/stm32f4xx_hal_cortex.o
                                      0x7f157 (size before relaxing)
 .debug_str     0x00000000000848b9      0x20c Drivers/STM32F4xx_HAL_Driver/Src/stm32f4xx_hal_gpio.o
                                      0x7ec44 (size before relaxing)
 .debug_str     0x0000000000084ac5      0x259 Drivers/STM32F4xx_HAL_Driver/Src/stm32f4xx_hal_rcc.o
                                      0x7edf2 (size before relaxing)
 .debug_str     0x0000000000084d1e      0x560 Drivers/STM32F4xx_HAL_Driver/Src/stm32f4xx_hal_spi.o
                                      0x7f261 (size before relaxing)
 .debug_str     0x000000000008527e       0x2f FATFS/App/fatfs.o
                                      0x8203a (size before relaxing)
 .debug_str     0x00000000000852ad       0x6d FATFS/Target/user_diskio.o
                                      0x8200d (size before relaxing)
 .debug_str     0x000000000008531a       0x52 Middlewares/Third_Party/FatFs/src/diskio.o
                                      0x81f47 (size before relaxing)
 .debug_str     0x000000000008536c     0x10ac Middlewares/Third_Party/FatFs/src/ff.o
                                      0x831f9 (size before relaxing)
 .debug_str     0x0000000000086418       0xa2 Middlewares/Third_Party/FatFs/src/ff_gen_drv.o
                                      0x81f98 (size before relaxing)
 .debug_str     0x00000000000864ba       0x60 Middlewares/Third_Party/FatFs/src/option/ccsbcs.o
                                      0x81d2e (size before relaxing)

.comment        0x0000000000000000       0x7b
 .comment       0x0000000000000000       0x7b Core/Src/fatfs_sd.o
                                         0x7c (size before relaxing)
 .comment       0x000000000000007b       0x7c Core/Src/main.o
 .comment       0x000000000000007b       0x7c Core/Src/stm32f4xx_hal_msp.o
 .comment       0x000000000000007b       0x7c Core/Src/stm32f4xx_it.o
 .comment       0x000000000000007b       0x7c Core/Src/system_stm32f4xx.o
 .comment       0x000000000000007b       0x7c Drivers/STM32F4xx_HAL_Driver/Src/stm32f4xx_hal.o
 .comment       0x000000000000007b       0x7c Drivers/STM32F4xx_HAL_Driver/Src/stm32f4xx_hal_cortex.o
 .comment       0x000000000000007b       0x7c Drivers/STM32F4xx_HAL_Driver/Src/stm32f4xx_hal_gpio.o
 .comment       0x000000000000007b       0x7c Drivers/STM32F4xx_HAL_Driver/Src/stm32f4xx_hal_rcc.o
 .comment       0x000000000000007b       0x7c Drivers/STM32F4xx_HAL_Driver/Src/stm32f4xx_hal_spi.o
 .comment       0x000000000000007b       0x7c FATFS/App/fatfs.o
 .comment       0x000000000000007b       0x7c FATFS/Target/user_diskio.o
 .comment       0x000000000000007b       0x7c Middlewares/Third_Party/FatFs/src/diskio.o
 .comment       0x000000000000007b       0x7c Middlewares/Third_Party/FatFs/src/ff.o
 .comment       0x000000000000007b       0x7c Middlewares/Third_Party/FatFs/src/ff_gen_drv.o
 .comment       0x000000000000007b       0x7c Middlewares/Third_Party/FatFs/src/option/ccsbcs.o

.debug_frame    0x0000000000000000     0x2684
 .debug_frame   0x0000000000000000      0x28c Core/Src/fatfs_sd.o
 .debug_frame   0x000000000000028c       0xd8 Core/Src/main.o
 .debug_frame   0x0000000000000364       0x7c Core/Src/stm32f4xx_hal_msp.o
 .debug_frame   0x00000000000003e0      0x104 Core/Src/stm32f4xx_it.o
 .debug_frame   0x00000000000004e4       0x58 Core/Src/system_stm32f4xx.o
 .debug_frame   0x000000000000053c      0x374 Drivers/STM32F4xx_HAL_Driver/Src/stm32f4xx_hal.o
 .debug_frame   0x00000000000008b0      0x498 Drivers/STM32F4xx_HAL_Driver/Src/stm32f4xx_hal_cortex.o
 .debug_frame   0x0000000000000d48      0x14c Drivers/STM32F4xx_HAL_Driver/Src/stm32f4xx_hal_gpio.o
 .debug_frame   0x0000000000000e94      0x1f0 Drivers/STM32F4xx_HAL_Driver/Src/stm32f4xx_hal_rcc.o
 .debug_frame   0x0000000000001084      0x824 Drivers/STM32F4xx_HAL_Driver/Src/stm32f4xx_hal_spi.o
 .debug_frame   0x00000000000018a8       0x4c FATFS/App/fatfs.o
 .debug_frame   0x00000000000018f4       0xc4 FATFS/Target/user_diskio.o
 .debug_frame   0x00000000000019b8       0xec Middlewares/Third_Party/FatFs/src/diskio.o
 .debug_frame   0x0000000000001aa4      0xa0c Middlewares/Third_Party/FatFs/src/ff.o
 .debug_frame   0x00000000000024b0       0xc8 Middlewares/Third_Party/FatFs/src/ff_gen_drv.o
 .debug_frame   0x0000000000002578       0x60 Middlewares/Third_Party/FatFs/src/option/ccsbcs.o
 .debug_frame   0x00000000000025d8       0x2c c:/st/stm32cubeide_1.5.0/stm32cubeide/plugins/com.st.stm32cube.ide.mcu.externaltools.gnu-tools-for-stm32.7-2018-q2-update.win32_1.5.0.202011040924/tools/bin/../lib/gcc/arm-none-eabi/7.3.1/../../../../arm-none-eabi/lib/thumb/v7e-m/fpv4-sp/hard\libc_nano.a(lib_a-init.o)
 .debug_frame   0x0000000000002604       0x20 c:/st/stm32cubeide_1.5.0/stm32cubeide/plugins/com.st.stm32cube.ide.mcu.externaltools.gnu-tools-for-stm32.7-2018-q2-update.win32_1.5.0.202011040924/tools/bin/../lib/gcc/arm-none-eabi/7.3.1/../../../../arm-none-eabi/lib/thumb/v7e-m/fpv4-sp/hard\libc_nano.a(lib_a-memset.o)
 .debug_frame   0x0000000000002624       0x2c c:/st/stm32cubeide_1.5.0/stm32cubeide/plugins/com.st.stm32cube.ide.mcu.externaltools.gnu-tools-for-stm32.7-2018-q2-update.win32_1.5.0.202011040924/tools/bin/../lib/gcc/arm-none-eabi/7.3.1/thumb/v7e-m/fpv4-sp/hard\libgcc.a(_aeabi_uldivmod.o)
 .debug_frame   0x0000000000002650       0x34 c:/st/stm32cubeide_1.5.0/stm32cubeide/plugins/com.st.stm32cube.ide.mcu.externaltools.gnu-tools-for-stm32.7-2018-q2-update.win32_1.5.0.202011040924/tools/bin/../lib/gcc/arm-none-eabi/7.3.1/thumb/v7e-m/fpv4-sp/hard\libgcc.a(_udivmoddi4.o)
