bme68x.c:144:8:bme68x_init	24	static
bme68x.c:178:8:bme68x_set_regs	56	static
bme68x.c:235:8:bme68x_get_regs	40	static
bme68x.c:270:8:bme68x_soft_reset	24	static
bme68x.c:311:8:bme68x_set_conf	40	static
bme68x.c:395:8:bme68x_get_conf	24	static
bme68x.c:430:8:bme68x_set_op_mode	24	static
bme68x.c:467:8:bme68x_get_op_mode	24	static
bme68x.c:490:10:bme68x_get_meas_dur	48	static
bme68x.c:540:8:bme68x_get_data	136	static
bme68x.c:630:8:bme68x_set_heatr_conf	40	static
bme68x.c:687:8:bme68x_get_heatr_conf	32	static
bme68x.c:725:8:bme68x_low_gas_selftest_check	296	static
bme68x.c:1007:14:calc_temperature	32	static
bme68x.c:1031:14:calc_pressure	32	static
bme68x.c:1064:14:calc_humidity	40	static
bme68x.c:1097:14:calc_gas_resistance_low	176	static
bme68x.c:1121:14:calc_gas_resistance_high	32	static
bme68x.c:1136:16:calc_res_heat	48	static
bme68x.c:1167:16:calc_gas_wait	24	static
bme68x.c:1191:15:read_field_data	64	static
bme68x.c:1280:15:read_all_field_data	128	static
bme68x.c:1358:15:set_mem_page	32	static
bme68x.c:1403:15:get_mem_page	32	static
bme68x.c:1427:15:boundary_check	32	static
bme68x.c:1451:15:null_ptr_check	24	static
bme68x.c:1465:15:set_conf	88	static
bme68x.c:1553:16:calc_heatr_dur_shared	24	static
bme68x.c:1579:13:sort_sensor_data	24	static
bme68x.c:1702:13:swap_fields	24	static
bme68x.c:1712:15:analyze_sensor_data	24	static
bme68x.c:1760:15:get_calib_data	64	static
bme68x.c:1834:15:read_variant_id	24	static
